\BOOKMARK [0][-]{chapter*.1}{\376\377\000D\000\351\000d\000i\000c\000a\000c\000e}{}% 1
\BOOKMARK [0][-]{chapter*.2}{\376\377\000R\000e\000m\000e\000r\000c\000i\000e\000m\000e\000n\000t\000s}{}% 2
\BOOKMARK [0][-]{chapter*.3}{\376\377\000R\000\351\000s\000u\000m\000\351}{}% 3
\BOOKMARK [0][-]{chapter*.4}{\376\377\000A\000b\000s\000t\000r\000a\000c\000t}{}% 4
\BOOKMARK [0][-]{chapter*.5}{\376\377\000L\000i\000s\000t\000e\000\040\000d\000e\000s\000\040\000a\000c\000r\000o\000n\000y\000m\000e\000s}{}% 5
\BOOKMARK [0][-]{chapter*.6}{\376\377\000C\000o\000n\000v\000e\000n\000t\000i\000o\000n\000s\000\040\000d\000e\000\040\000n\000o\000t\000a\000t\000i\000o\000n}{}% 6
\BOOKMARK [0][-]{chapter*.8}{\376\377\000T\000a\000b\000l\000e\000\040\000d\000e\000s\000\040\000f\000i\000g\000u\000r\000e\000s}{}% 7
\BOOKMARK [0][-]{chapter*.9}{\376\377\000L\000i\000s\000t\000e\000\040\000d\000e\000s\000\040\000t\000a\000b\000l\000e\000a\000u\000x}{}% 8
\BOOKMARK [0][-]{chapter*.10}{\376\377\000I\000n\000t\000r\000o\000d\000u\000c\000t\000i\000o\000n\000\040\000g\000\351\000n\000\351\000r\000a\000l\000e}{}% 9
\BOOKMARK [0][-]{chapter.1}{\376\377\000C\000o\000n\000t\000e\000x\000t\000e\000\040\000d\000u\000\040\000p\000r\000o\000j\000e\000t\000,\000\040\000\351\000t\000u\000d\000e\000\040\000d\000e\000\040\000l\000'\000e\000x\000i\000s\000t\000a\000n\000t\000\040\000e\000t\000\040\000p\000r\000o\000b\000l\000\351\000m\000a\000t\000i\000q\000u\000e}{}% 10
\BOOKMARK [1][-]{section.1.1}{\376\377\000C\000a\000d\000r\000e\000\040\000d\000u\000\040\000p\000r\000o\000j\000e\000t\000\040\000e\000t\000\040\000e\000n\000t\000r\000e\000p\000r\000i\000s\000e\000\040\000d\000'\000a\000c\000c\000u\000e\000i\000l}{chapter.1}% 11
\BOOKMARK [1][-]{section.1.2}{\376\377\000L\000'\000a\000p\000p\000l\000i\000c\000a\000t\000i\000o\000n\000\040\000p\000i\000l\000o\000t\000e}{chapter.1}% 12
\BOOKMARK [1][-]{section.1.3}{\376\377\000A\000u\000d\000i\000t\000\040\000d\000e\000\040\000l\000'\000e\000x\000i\000s\000t\000a\000n\000t\000\040\000e\000t\000\040\000c\000r\000i\000t\000i\000q\000u\000e}{chapter.1}% 13
\BOOKMARK [1][-]{section.1.4}{\376\377\000P\000r\000o\000b\000l\000\351\000m\000a\000t\000i\000q\000u\000e\000\040\000e\000t\000\040\000o\000b\000j\000e\000c\000t\000i\000f\000s}{chapter.1}% 14
\BOOKMARK [1][-]{section.1.5}{\376\377\000P\000\351\000r\000i\000m\000\350\000t\000r\000e\000,\000\040\000c\000o\000n\000t\000r\000a\000i\000n\000t\000e\000s\000\040\000e\000t\000\040\000d\000\351\000m\000a\000r\000c\000h\000e}{chapter.1}% 15
\BOOKMARK [1][-]{subsection.1.5.3}{\376\377\000C\000o\000n\000c\000l\000u\000s\000i\000o\000n\000\040\000d\000u\000\040\000c\000h\000a\000p\000i\000t\000r\000e}{chapter.1}% 16
\BOOKMARK [0][-]{chapter.2}{\376\377\000\311\000t\000a\000t\000\040\000d\000e\000\040\000l\000'\000a\000r\000t\000\040\000e\000t\000\040\000c\000h\000o\000i\000x\000\040\000t\000e\000c\000h\000n\000o\000l\000o\000g\000i\000q\000u\000e\000s}{}% 17
\BOOKMARK [1][-]{section.2.1}{\376\377\000L\000'\000a\000r\000c\000h\000i\000t\000e\000c\000t\000u\000r\000e\000\040\000Z\000e\000r\000o\000\040\000T\000r\000u\000s\000t}{chapter.2}% 18
\BOOKMARK [1][-]{section.2.2}{\376\377\000L\000'\000a\000p\000p\000r\000o\000c\000h\000e\000\040\000D\000e\000v\000S\000e\000c\000O\000p\000s}{chapter.2}% 19
\BOOKMARK [1][-]{section.2.3}{\376\377\000S\000u\000p\000e\000r\000v\000i\000s\000i\000o\000n\000\040\000e\000t\000\040\000i\000n\000g\000\351\000n\000i\000e\000r\000i\000e\000\040\000d\000e\000\040\000l\000a\000\040\000d\000\351\000t\000e\000c\000t\000i\000o\000n}{chapter.2}% 20
\BOOKMARK [1][-]{section.2.4}{\376\377\000E\000n\000r\000i\000c\000h\000i\000s\000s\000e\000m\000e\000n\000t\000\040\000s\000\351\000m\000a\000n\000t\000i\000q\000u\000e\000\040\000d\000e\000s\000\040\000a\000l\000e\000r\000t\000e\000s}{chapter.2}% 21
\BOOKMARK [1][-]{section.2.5}{\376\377\000C\000h\000o\000i\000x\000\040\000d\000e\000\040\000l\000a\000\040\000p\000l\000a\000t\000e\000f\000o\000r\000m\000e\000\040\000d\000'\000h\000\351\000b\000e\000r\000g\000e\000m\000e\000n\000t}{chapter.2}% 22
\BOOKMARK [1][-]{section.2.6}{\376\377\000I\000n\000v\000e\000n\000t\000a\000i\000r\000e\000\040\000t\000e\000c\000h\000n\000o\000l\000o\000g\000i\000q\000u\000e\000\040\000d\000u\000\040\000s\000o\000c\000l\000e}{chapter.2}% 23
\BOOKMARK [1][-]{section.2.7}{\376\377\000R\000\351\000f\000\351\000r\000e\000n\000t\000i\000e\000l\000s\000\040\000e\000t\000\040\000m\000\351\000t\000h\000o\000d\000e\000s\000\040\000m\000o\000b\000i\000l\000i\000s\000\351\000s}{chapter.2}% 24
\BOOKMARK [1][-]{section.2.7}{\376\377\000C\000o\000n\000c\000l\000u\000s\000i\000o\000n\000\040\000d\000u\000\040\000c\000h\000a\000p\000i\000t\000r\000e}{chapter.2}% 25
\BOOKMARK [0][-]{chapter.3}{\376\377\000A\000n\000a\000l\000y\000s\000e\000\040\000d\000e\000s\000\040\000b\000e\000s\000o\000i\000n\000s\000\040\000e\000t\000\040\000m\000o\000d\000\351\000l\000i\000s\000a\000t\000i\000o\000n\000\040\000d\000e\000s\000\040\000m\000e\000n\000a\000c\000e\000s}{}% 26
\BOOKMARK [1][-]{section.3.1}{\376\377\000A\000c\000t\000e\000u\000r\000s\000\040\000e\000t\000\040\000c\000a\000s\000\040\000d\000'\000u\000t\000i\000l\000i\000s\000a\000t\000i\000o\000n}{chapter.3}% 27
\BOOKMARK [1][-]{section.3.2}{\376\377\000S\000p\000\351\000c\000i\000f\000i\000c\000a\000t\000i\000o\000n\000\040\000d\000e\000s\000\040\000b\000e\000s\000o\000i\000n\000s}{chapter.3}% 28
\BOOKMARK [1][-]{section.3.3}{\376\377\000F\000l\000u\000x\000\040\000d\000e\000\040\000d\000o\000n\000n\000\351\000e\000s\000\040\000e\000t\000\040\000f\000r\000o\000n\000t\000i\000\350\000r\000e\000s\000\040\000d\000e\000\040\000c\000o\000n\000f\000i\000a\000n\000c\000e}{chapter.3}% 29
\BOOKMARK [1][-]{section.3.4}{\376\377\000A\000n\000a\000l\000y\000s\000e\000\040\000d\000e\000\040\000r\000i\000s\000q\000u\000e}{chapter.3}% 30
\BOOKMARK [1][-]{section.3.5}{\376\377\000E\000x\000i\000g\000e\000n\000c\000e\000s\000\040\000d\000e\000\040\000s\000\351\000c\000u\000r\000i\000t\000\351\000\040\000e\000t\000\040\000t\000r\000a\000\347\000a\000b\000i\000l\000i\000t\000\351}{chapter.3}% 31
\BOOKMARK [1][-]{section.3.6}{\376\377\000R\000a\000t\000t\000a\000c\000h\000e\000m\000e\000n\000t\000\040\000a\000u\000x\000\040\000r\000\351\000f\000\351\000r\000e\000n\000t\000i\000e\000l\000s}{chapter.3}% 32
\BOOKMARK [1][-]{table.3.18}{\376\377\000C\000o\000n\000c\000l\000u\000s\000i\000o\000n\000\040\000d\000u\000\040\000c\000h\000a\000p\000i\000t\000r\000e}{chapter.3}% 33
\BOOKMARK [0][-]{chapter.4}{\376\377\000C\000o\000n\000c\000e\000p\000t\000i\000o\000n\000\040\000d\000e\000\040\000l\000'\000a\000r\000c\000h\000i\000t\000e\000c\000t\000u\000r\000e}{}% 34
\BOOKMARK [1][-]{section.4.1}{\376\377\000P\000r\000i\000n\000c\000i\000p\000e\000s\000\040\000d\000i\000r\000e\000c\000t\000e\000u\000r\000s\000\040\000d\000e\000\040\000c\000o\000n\000c\000e\000p\000t\000i\000o\000n}{chapter.4}% 35
\BOOKMARK [1][-]{section.4.2}{\376\377\000V\000u\000e\000s\000\040\000d\000'\000a\000r\000c\000h\000i\000t\000e\000c\000t\000u\000r\000e}{chapter.4}% 36
\BOOKMARK [1][-]{section.4.3}{\376\377\000V\000u\000e\000\040\000d\000y\000n\000a\000m\000i\000q\000u\000e\000\040\000:\000\040\000l\000e\000s\000\040\000s\000e\000p\000t\000\040\000f\000l\000u\000x\000\040\000e\000t\000\040\000l\000e\000\040\000c\000y\000c\000l\000e\000\040\000d\000e\000\040\000l\000a\000\040\000d\000o\000n\000n\000\351\000e}{chapter.4}% 37
\BOOKMARK [1][-]{section.4.4}{\376\377\000D\000e\000\040\000l\000'\000a\000t\000t\000a\000q\000u\000e\000\040\000\340\000\040\000l\000'\000i\000n\000c\000i\000d\000e\000n\000t\000\040\000:\000\040\000f\000o\000n\000c\000t\000i\000o\000n\000n\000e\000m\000e\000n\000t\000\040\000d\000e\000\040\000b\000o\000u\000t\000\040\000e\000n\000\040\000b\000o\000u\000t}{chapter.4}% 38
\BOOKMARK [1][-]{section.4.5}{\376\377\000C\000o\000n\000c\000e\000p\000t\000i\000o\000n\000\040\000d\000\351\000t\000a\000i\000l\000l\000\351\000e\000\040\000p\000a\000r\000\040\000c\000o\000u\000c\000h\000e}{chapter.4}% 39
\BOOKMARK [1][-]{section.4.6}{\376\377\000L\000e\000\040\000p\000l\000a\000n\000\040\000d\000'\000i\000d\000e\000n\000t\000i\000t\000\351\000\040\000:\000\040\000l\000a\000\040\000s\000e\000g\000m\000e\000n\000t\000a\000t\000i\000o\000n\000\040\000r\000\351\000e\000l\000l\000e}{chapter.4}% 40
\BOOKMARK [1][-]{section.4.7}{\376\377\000D\000\351\000c\000i\000s\000i\000o\000n\000s\000\040\000d\000'\000a\000r\000c\000h\000i\000t\000e\000c\000t\000u\000r\000e\000\040\000e\000t\000\040\000\351\000c\000a\000r\000t\000s\000\040\000d\000'\000i\000m\000p\000l\000\351\000m\000e\000n\000t\000a\000t\000i\000o\000n}{chapter.4}% 41
\BOOKMARK [1][-]{table.caption.37}{\376\377\000C\000o\000n\000c\000l\000u\000s\000i\000o\000n\000\040\000d\000u\000\040\000c\000h\000a\000p\000i\000t\000r\000e}{chapter.4}% 42
\BOOKMARK [0][-]{chapter.5}{\376\377\000R\000\351\000a\000l\000i\000s\000a\000t\000i\000o\000n\000\040\000e\000t\000\040\000i\000n\000d\000u\000s\000t\000r\000i\000a\000l\000i\000s\000a\000t\000i\000o\000n}{}% 43
\BOOKMARK [1][-]{section.5.1}{\376\377\000E\000n\000v\000i\000r\000o\000n\000n\000e\000m\000e\000n\000t\000\040\000d\000e\000\040\000t\000r\000a\000v\000a\000i\000l\000\040\000e\000t\000\040\000d\000e\000s\000c\000r\000i\000p\000t\000i\000o\000n\000\040\000e\000n\000\040\000c\000o\000d\000e}{chapter.5}% 44
\BOOKMARK [1][-]{section.5.2}{\376\377\000C\000h\000a\000\356\000n\000e\000\040\000d\000e\000\040\000l\000i\000v\000r\000a\000i\000s\000o\000n\000\040\000a\000p\000p\000l\000i\000c\000a\000t\000i\000v\000e}{chapter.5}% 45
\BOOKMARK [1][-]{section.5.3}{\376\377\000C\000h\000a\000\356\000n\000e\000\040\000d\000e\000\040\000p\000r\000o\000v\000i\000s\000i\000o\000n\000n\000e\000m\000e\000n\000t\000\040\000d\000e\000\040\000l\000'\000i\000n\000f\000r\000a\000s\000t\000r\000u\000c\000t\000u\000r\000e}{chapter.5}% 46
\BOOKMARK [1][-]{section.5.4}{\376\377\000C\000h\000a\000\356\000n\000e\000\040\000d\000e\000\040\000d\000\351\000t\000e\000c\000t\000i\000o\000n}{chapter.5}% 47
\BOOKMARK [1][-]{section.5.5}{\376\377\000C\000o\000u\000c\000h\000e\000\040\000d\000'\000e\000n\000r\000i\000c\000h\000i\000s\000s\000e\000m\000e\000n\000t\000\040\000s\000\351\000m\000a\000n\000t\000i\000q\000u\000e}{chapter.5}% 48
\BOOKMARK [1][-]{section.5.6}{\376\377\000T\000a\000b\000l\000e\000a\000u\000\040\000d\000e\000\040\000b\000o\000r\000d\000\040\000e\000t\000\040\000A\000P\000I\000\040\000d\000e\000\040\000s\000u\000p\000e\000r\000v\000i\000s\000i\000o\000n}{chapter.5}% 49
\BOOKMARK [1][-]{section.5.7}{\376\377\000A\000c\000c\000u\000e\000i\000l\000\040\000d\000'\000u\000n\000\040\000l\000o\000c\000a\000t\000a\000i\000r\000e\000\040\000e\000t\000\040\000f\000r\000o\000n\000t\000i\000\350\000r\000e\000\040\000d\000e\000\040\000r\000e\000s\000p\000o\000n\000s\000a\000b\000i\000l\000i\000t\000\351}{chapter.5}% 50
\BOOKMARK [1][-]{section.5.8}{\376\377\000C\000o\000n\000d\000u\000i\000t\000e\000\040\000d\000u\000\040\000p\000r\000o\000j\000e\000t}{chapter.5}% 51
\BOOKMARK [1][-]{figure.caption.49}{\376\377\000C\000o\000n\000c\000l\000u\000s\000i\000o\000n\000\040\000d\000u\000\040\000c\000h\000a\000p\000i\000t\000r\000e}{chapter.5}% 52
\BOOKMARK [0][-]{chapter.6}{\376\377\000V\000a\000l\000i\000d\000a\000t\000i\000o\000n\000,\000\040\000r\000\351\000s\000u\000l\000t\000a\000t\000s\000\040\000e\000t\000\040\000d\000\351\000m\000o\000n\000s\000t\000r\000a\000t\000i\000o\000n}{}% 53
\BOOKMARK [1][-]{section.6.1}{\376\377\000S\000t\000r\000a\000t\000\351\000g\000i\000e\000\040\000d\000e\000\040\000v\000a\000l\000i\000d\000a\000t\000i\000o\000n}{chapter.6}% 54
\BOOKMARK [1][-]{section.6.2}{\376\377\000R\000\351\000s\000u\000l\000t\000a\000t\000s\000\040\000d\000e\000\040\000l\000a\000\040\000c\000a\000m\000p\000a\000g\000n\000e\000\040\000d\000e\000\040\000t\000e\000s\000t\000s}{chapter.6}% 55
\BOOKMARK [1][-]{section.6.3}{\376\377\000\311\000v\000a\000l\000u\000a\000t\000i\000o\000n\000\040\000d\000e\000\040\000l\000a\000\040\000c\000h\000a\000\356\000n\000e\000\040\000d\000e\000\040\000d\000\351\000t\000e\000c\000t\000i\000o\000n\000\040\000e\000t\000\040\000d\000e\000\040\000l\000'\000e\000n\000r\000i\000c\000h\000i\000s\000s\000e\000m\000e\000n\000t}{chapter.6}% 56
\BOOKMARK [1][-]{section.6.4}{\376\377\000P\000e\000r\000f\000o\000r\000m\000a\000n\000c\000e\000,\000\040\000r\000\351\000s\000i\000l\000i\000e\000n\000c\000e\000\040\000e\000t\000\040\000c\000o\000\373\000t}{chapter.6}% 57
\BOOKMARK [1][-]{section.6.5}{\376\377\000D\000\351\000m\000o\000n\000s\000t\000r\000a\000t\000i\000o\000n\000\040\000d\000e\000\040\000b\000o\000u\000t\000\040\000e\000n\000\040\000b\000o\000u\000t\000\040\000e\000t\000\040\000c\000o\000n\000f\000o\000r\000m\000i\000t\000\351\000\040\000a\000u\000x\000\040\000r\000\351\000f\000\351\000r\000e\000n\000t\000i\000e\000l\000s}{chapter.6}% 58
\BOOKMARK [1][-]{section.6.6}{\376\377\000C\000e\000\040\000q\000u\000e\000\040\000l\000e\000\040\000f\000i\000l\000t\000r\000a\000g\000e\000\040\000a\000p\000p\000l\000i\000c\000a\000t\000i\000f\000\040\000n\000e\000\040\000p\000r\000o\000t\000\350\000g\000e\000\040\000p\000a\000s}{chapter.6}% 59
\BOOKMARK [1][-]{section.6.7}{\376\377\000D\000u\000\040\000s\000o\000c\000l\000e\000\040\000a\000u\000\040\000s\000e\000r\000v\000i\000c\000e}{chapter.6}% 60
\BOOKMARK [1][-]{section.6.8}{\376\377\000C\000o\000n\000d\000i\000t\000i\000o\000n\000s\000\040\000d\000e\000\040\000v\000a\000l\000i\000d\000i\000t\000\351\000\040\000e\000t\000\040\000r\000\351\000p\000o\000n\000s\000e\000\040\000a\000u\000x\000\040\000o\000b\000j\000e\000c\000t\000i\000f\000s}{chapter.6}% 61
\BOOKMARK [1][-]{table.6.42}{\376\377\000C\000o\000n\000c\000l\000u\000s\000i\000o\000n\000\040\000d\000u\000\040\000c\000h\000a\000p\000i\000t\000r\000e}{chapter.6}% 62
\BOOKMARK [0][-]{chapter*.57}{\376\377\000C\000o\000n\000c\000l\000u\000s\000i\000o\000n\000\040\000g\000\351\000n\000\351\000r\000a\000l\000e}{}% 63
\BOOKMARK [0][-]{chapter*.58}{\376\377\000B\000i\000b\000l\000i\000o\000g\000r\000a\000p\000h\000i\000e\000/\000N\000e\000t\000o\000g\000r\000a\000p\000h\000i\000e}{}% 64
\BOOKMARK [0][-]{appendix.A}{\376\377\000\311\000t\000u\000d\000e\000s\000\040\000c\000o\000m\000p\000a\000r\000a\000t\000i\000v\000e\000s\000\040\000d\000\351\000t\000a\000i\000l\000l\000\351\000e\000s}{}% 65
\BOOKMARK [1][-]{section.A.1}{\376\377\000A\000u\000d\000i\000t\000\040\000d\000e\000\040\000l\000'\000e\000x\000i\000s\000t\000a\000n\000t\000\040\000e\000t\000\040\000p\000o\000s\000i\000t\000i\000o\000n\000n\000e\000m\000e\000n\000t\000\040\000\050\000i\000s\000s\000u\000s\000\040\000d\000u\000\040\000c\000h\000a\000p\000i\000t\000r\000e\000\040\0001\000\051}{appendix.A}% 66
\BOOKMARK [1][-]{section.A.2}{\376\377\000\311\000t\000a\000t\000\040\000d\000e\000\040\000l\000'\000a\000r\000t\000\040\000e\000t\000\040\000c\000h\000o\000i\000x\000\040\000t\000e\000c\000h\000n\000o\000l\000o\000g\000i\000q\000u\000e\000s\000\040\000\050\000i\000s\000s\000u\000s\000\040\000d\000u\000\040\000c\000h\000a\000p\000i\000t\000r\000e\000\040\0002\000\051}{appendix.A}% 67
\BOOKMARK [1][-]{section.A.3}{\376\377\000F\000i\000c\000h\000e\000\040\000d\000e\000\040\000v\000e\000r\000s\000i\000o\000n\000\040\000d\000e\000\040\000c\000h\000a\000q\000u\000e\000\040\000b\000r\000i\000q\000u\000e}{appendix.A}% 68
\BOOKMARK [0][-]{appendix.B}{\376\377\000E\000x\000t\000r\000a\000i\000t\000s\000\040\000t\000e\000c\000h\000n\000i\000q\000u\000e\000s\000\040\000d\000e\000\040\000l\000a\000\040\000r\000\351\000a\000l\000i\000s\000a\000t\000i\000o\000n}{}% 69
\BOOKMARK [1][-]{section.B.1}{\376\377\000D\000\351\000p\000\364\000t\000\040\000d\000'\000i\000n\000f\000r\000a\000s\000t\000r\000u\000c\000t\000u\000r\000e\000\040\000e\000t\000\040\000p\000r\000o\000t\000e\000c\000t\000i\000o\000n\000\040\000d\000e\000s\000\040\000r\000e\000s\000s\000o\000u\000r\000c\000e\000s}{appendix.B}% 70
\BOOKMARK [1][-]{section.B.2}{\376\377\000D\000\351\000t\000e\000c\000t\000i\000o\000n\000,\000\040\000l\000i\000v\000r\000a\000i\000s\000o\000n\000\040\000e\000t\000\040\000f\000\351\000d\000\351\000r\000a\000t\000i\000o\000n\000\040\000d\000'\000i\000d\000e\000n\000t\000i\000t\000\351}{appendix.B}% 71
\BOOKMARK [1][-]{section.B.3}{\376\377\000P\000r\000o\000v\000i\000s\000i\000o\000n\000n\000e\000m\000e\000n\000t\000,\000\040\000i\000s\000o\000l\000a\000t\000i\000o\000n\000\040\000e\000t\000\040\000t\000a\000b\000l\000e\000a\000u\000\040\000d\000e\000\040\000b\000o\000r\000d}{appendix.B}% 72
\BOOKMARK [0][-]{appendix.C}{\376\377\000M\000o\000d\000\350\000l\000e\000\040\000d\000e\000\040\000m\000e\000n\000a\000c\000e\000s\000\040\000d\000\351\000t\000a\000i\000l\000l\000\351}{}% 73
\BOOKMARK [1][-]{section.C.1}{\376\377\000C\000o\000d\000i\000f\000i\000c\000a\000t\000i\000o\000n\000,\000\040\000s\000c\000\351\000n\000a\000r\000i\000o\000s\000\040\000s\000t\000r\000a\000t\000\351\000g\000i\000q\000u\000e\000s\000\040\000e\000t\000\040\000\351\000c\000h\000e\000l\000l\000e\000s\000\040\000d\000e\000\040\000c\000o\000t\000a\000t\000i\000o\000n}{appendix.C}% 74
\BOOKMARK [1][-]{section.C.2}{\376\377\000S\000c\000\351\000n\000a\000r\000i\000o\000s\000\040\000o\000p\000\351\000r\000a\000t\000i\000o\000n\000n\000e\000l\000s}{appendix.C}% 75
\BOOKMARK [1][-]{section.C.3}{\376\377\000C\000a\000r\000t\000o\000g\000r\000a\000p\000h\000i\000e\000\040\000e\000t\000\040\000t\000r\000a\000i\000t\000e\000m\000e\000n\000t\000\040\000d\000u\000\040\000r\000i\000s\000q\000u\000e}{appendix.C}% 76
\BOOKMARK [0][-]{appendix.D}{\376\377\000C\000o\000n\000c\000e\000p\000t\000i\000o\000n\000\040\000d\000\351\000t\000a\000i\000l\000l\000\351\000e}{}% 77
\BOOKMARK [1][-]{section.D.1}{\376\377\000R\000e\000g\000i\000s\000t\000r\000e\000\040\000c\000o\000m\000p\000l\000e\000t\000\040\000d\000e\000s\000\040\000d\000\351\000c\000i\000s\000i\000o\000n\000s\000\040\000d\000'\000a\000r\000c\000h\000i\000t\000e\000c\000t\000u\000r\000e}{appendix.D}% 78
\BOOKMARK [1][-]{section.D.2}{\376\377\000C\000o\000m\000p\000o\000s\000a\000n\000t\000s\000\040\000\351\000v\000a\000l\000u\000\351\000s\000\040\000p\000u\000i\000s\000\040\000\351\000c\000a\000r\000t\000\351\000s}{appendix.D}% 79
\BOOKMARK [1][-]{section.D.3}{\376\377\000P\000r\000i\000s\000e\000\040\000e\000n\000\040\000c\000h\000a\000r\000g\000e\000\040\000d\000e\000s\000\040\000v\000i\000n\000g\000t\000\040\000e\000x\000i\000g\000e\000n\000c\000e\000s\000\040\000p\000a\000r\000\040\000l\000a\000\040\000c\000o\000n\000c\000e\000p\000t\000i\000o\000n}{appendix.D}% 80
\BOOKMARK [0][-]{appendix.E}{\376\377\000P\000r\000o\000t\000o\000c\000o\000l\000e\000s\000\040\000e\000t\000\040\000p\000r\000e\000u\000v\000e\000s\000\040\000d\000e\000\040\000v\000a\000l\000i\000d\000a\000t\000i\000o\000n}{}% 81
\BOOKMARK [1][-]{section.E.1}{\376\377\000C\000o\000n\000d\000i\000t\000i\000o\000n\000s\000\040\000d\000e\000\040\000m\000e\000s\000u\000r\000e\000\040\000e\000t\000\040\000m\000o\000d\000\350\000l\000e\000\040\000d\000e\000\040\000f\000i\000c\000h\000e}{appendix.E}% 82
\BOOKMARK [1][-]{section.E.2}{\376\377\000P\000r\000o\000t\000o\000c\000o\000l\000e\000s\000\040\000d\000\351\000t\000a\000i\000l\000l\000\351\000s}{appendix.E}% 83
\BOOKMARK [1][-]{section.E.3}{\376\377\000M\000e\000s\000u\000r\000e\000s\000\040\000c\000o\000m\000p\000l\000\351\000m\000e\000n\000t\000a\000i\000r\000e\000s\000\040\000e\000t\000\040\000n\000o\000t\000e\000\040\000d\000e\000\040\000m\000\351\000t\000h\000o\000d\000e}{appendix.E}% 84
\BOOKMARK [0][-]{appendix.F}{\376\377\000J\000e\000u\000\040\000d\000'\000\351\000v\000a\000l\000u\000a\000t\000i\000o\000n\000\040\000d\000e\000\040\000l\000'\000e\000n\000r\000i\000c\000h\000i\000s\000s\000e\000m\000e\000n\000t\000\040\000s\000\351\000m\000a\000n\000t\000i\000q\000u\000e}{}% 85
\BOOKMARK [1][-]{section.F.1}{\376\377\000J\000e\000u\000\040\000d\000'\000\351\000v\000a\000l\000u\000a\000t\000i\000o\000n\000\040\000e\000t\000\040\000m\000\351\000t\000h\000o\000d\000e\000s\000\040\000c\000o\000m\000p\000a\000r\000\351\000e\000s}{appendix.F}% 86
\BOOKMARK [1][-]{section.F.2}{\376\377\000G\000r\000a\000n\000d\000e\000u\000r\000s\000\040\000r\000e\000l\000e\000v\000\351\000e\000s\000\040\000e\000t\000\040\000c\000o\000n\000d\000i\000t\000i\000o\000n\000s\000\040\000d\000e\000\040\000p\000u\000b\000l\000i\000c\000a\000t\000i\000o\000n}{appendix.F}% 87
