\BOOKMARK [0][-]{chapter*.1}{\376\377\000D\000\351\000d\000i\000c\000a\000c\000e}{}% 1
\BOOKMARK [0][-]{chapter*.2}{\376\377\000R\000e\000m\000e\000r\000c\000i\000e\000m\000e\000n\000t\000s}{}% 2
\BOOKMARK [0][-]{chapter*.3}{\376\377\000R\000\351\000s\000u\000m\000\351}{}% 3
\BOOKMARK [0][-]{chapter*.4}{\376\377\000A\000b\000s\000t\000r\000a\000c\000t}{}% 4
\BOOKMARK [0][-]{chapter*.5}{\376\377\000L\000i\000s\000t\000e\000\040\000d\000e\000s\000\040\000a\000c\000r\000o\000n\000y\000m\000e\000s}{}% 5
\BOOKMARK [0][-]{chapter*.7}{\376\377\000T\000a\000b\000l\000e\000\040\000d\000e\000s\000\040\000f\000i\000g\000u\000r\000e\000s}{}% 6
\BOOKMARK [0][-]{chapter*.8}{\376\377\000L\000i\000s\000t\000e\000\040\000d\000e\000s\000\040\000t\000a\000b\000l\000e\000a\000u\000x}{}% 7
\BOOKMARK [0][-]{chapter*.9}{\376\377\000L\000i\000s\000t\000e\000\040\000d\000e\000s\000\040\000g\000r\000a\000p\000h\000i\000q\000u\000e\000s}{}% 8
\BOOKMARK [0][-]{chapter*.10}{\376\377\000I\000n\000t\000r\000o\000d\000u\000c\000t\000i\000o\000n\000\040\000g\000\351\000n\000\351\000r\000a\000l\000e}{}% 9
\BOOKMARK [0][-]{chapter.1}{\376\377\000C\000o\000n\000t\000e\000x\000t\000e\000\040\000d\000u\000\040\000p\000r\000o\000j\000e\000t\000,\000\040\000\351\000t\000u\000d\000e\000\040\000d\000e\000\040\000l\000'\000e\000x\000i\000s\000t\000a\000n\000t\000\040\000e\000t\000\040\000p\000r\000o\000b\000l\000\351\000m\000a\000t\000i\000q\000u\000e}{}% 10
\BOOKMARK [1][-]{section.1.1}{\376\377\000C\000a\000d\000r\000e\000\040\000d\000u\000\040\000p\000r\000o\000j\000e\000t}{chapter.1}% 11
\BOOKMARK [2][-]{subsection.1.1.1}{\376\377\000L\000'\000e\000n\000t\000r\000e\000p\000r\000i\000s\000e\000\040\000d\000'\000a\000c\000c\000u\000e\000i\000l}{section.1.1}% 12
\BOOKMARK [2][-]{subsection.1.1.2}{\376\377\000L\000e\000\040\000s\000e\000r\000v\000i\000c\000e\000\040\000d\000'\000a\000c\000c\000u\000e\000i\000l\000\040\000e\000t\000\040\000s\000o\000n\000\040\000o\000r\000g\000a\000n\000i\000s\000a\000t\000i\000o\000n}{section.1.1}% 13
\BOOKMARK [2][-]{subsection.1.1.3}{\376\377\000M\000i\000s\000s\000i\000o\000n\000\040\000c\000o\000n\000f\000i\000\351\000e\000\040\000e\000t\000\040\000r\000\364\000l\000e\000\040\000d\000e\000\040\000l\000'\000\351\000l\000\350\000v\000e\000-\000i\000n\000g\000\351\000n\000i\000e\000u\000r}{section.1.1}% 14
\BOOKMARK [1][-]{section.1.2}{\376\377\000\311\000t\000u\000d\000e\000\040\000d\000e\000\040\000l\000'\000e\000x\000i\000s\000t\000a\000n\000t}{chapter.1}% 15
\BOOKMARK [2][-]{subsection.1.2.1}{\376\377\000L\000'\000a\000p\000p\000l\000i\000c\000a\000t\000i\000o\000n\000\040\000p\000i\000l\000o\000t\000e\000\040\000\050\000E\000L\000S\000O\000N\000\051\000\040\000e\000t\000\040\000s\000o\000n\000\040\000h\000\351\000b\000e\000r\000g\000e\000m\000e\000n\000t\000\040\000i\000n\000i\000t\000i\000a\000l}{section.1.2}% 16
\BOOKMARK [2][-]{subsection.1.2.2}{\376\377\000M\000\351\000t\000h\000o\000d\000e\000\040\000d\000e\000\040\000l\000'\000a\000u\000d\000i\000t\000\040\000t\000e\000c\000h\000n\000i\000q\000u\000e}{section.1.2}% 17
\BOOKMARK [2][-]{subsection.1.2.3}{\376\377\000R\000\351\000s\000u\000l\000t\000a\000t\000s\000\040\000d\000e\000\040\000l\000'\000a\000u\000d\000i\000t}{section.1.2}% 18
\BOOKMARK [1][-]{section.1.3}{\376\377\000C\000r\000i\000t\000i\000q\000u\000e\000\040\000d\000e\000\040\000l\000'\000e\000x\000i\000s\000t\000a\000n\000t}{chapter.1}% 19
\BOOKMARK [2][-]{subsection.1.3.1}{\376\377\000C\000i\000n\000q\000\040\000c\000a\000r\000e\000n\000c\000e\000s\000\040\000s\000t\000r\000u\000c\000t\000u\000r\000a\000n\000t\000e\000s}{section.1.3}% 20
\BOOKMARK [2][-]{subsection.1.3.2}{\376\377\000D\000i\000s\000t\000i\000n\000c\000t\000i\000o\000n\000\040\000e\000n\000t\000r\000e\000\040\000l\000'\000a\000p\000p\000l\000i\000c\000a\000t\000i\000o\000n\000\040\000e\000t\000\040\000l\000e\000\040\000s\000o\000c\000l\000e}{section.1.3}% 21
\BOOKMARK [2][-]{subsection.1.3.3}{\376\377\000P\000o\000s\000i\000t\000i\000o\000n\000n\000e\000m\000e\000n\000t\000\040\000p\000a\000r\000\040\000r\000a\000p\000p\000o\000r\000t\000\040\000a\000u\000x\000\040\000m\000o\000d\000\350\000l\000e\000s\000\040\000e\000x\000i\000s\000t\000a\000n\000t\000s}{section.1.3}% 22
\BOOKMARK [1][-]{section.1.4}{\376\377\000P\000r\000o\000b\000l\000\351\000m\000a\000t\000i\000q\000u\000e\000\040\000e\000t\000\040\000o\000b\000j\000e\000c\000t\000i\000f\000s}{chapter.1}% 23
\BOOKMARK [2][-]{subsection.1.4.1}{\376\377\000P\000r\000o\000b\000l\000\351\000m\000a\000t\000i\000q\000u\000e\000\040\000e\000t\000\040\000q\000u\000e\000s\000t\000i\000o\000n\000s\000\040\000d\000\351\000r\000i\000v\000\351\000e\000s}{section.1.4}% 24
\BOOKMARK [2][-]{subsection.1.4.2}{\376\377\000O\000b\000j\000e\000c\000t\000i\000f\000s\000\040\000e\000t\000\040\000c\000r\000i\000t\000\350\000r\000e\000s\000\040\000d\000e\000\040\000s\000u\000c\000c\000\350\000s}{section.1.4}% 25
\BOOKMARK [1][-]{section.1.5}{\376\377\000P\000\351\000r\000i\000m\000\350\000t\000r\000e\000,\000\040\000c\000o\000n\000t\000r\000a\000i\000n\000t\000e\000s\000\040\000e\000t\000\040\000d\000\351\000m\000a\000r\000c\000h\000e}{chapter.1}% 26
\BOOKMARK [2][-]{subsection.1.5.1}{\376\377\000P\000\351\000r\000i\000m\000\350\000t\000r\000e\000\040\000e\000t\000\040\000h\000y\000p\000o\000t\000h\000\350\000s\000e\000s\000\040\000a\000s\000s\000u\000m\000\351\000e\000s}{section.1.5}% 27
\BOOKMARK [2][-]{subsection.1.5.2}{\376\377\000C\000o\000n\000t\000r\000a\000i\000n\000t\000e\000s\000\040\000d\000u\000\040\000p\000r\000o\000j\000e\000t}{section.1.5}% 28
\BOOKMARK [2][-]{subsection.1.5.3}{\376\377\000D\000\351\000m\000a\000r\000c\000h\000e\000\040\000m\000\351\000t\000h\000o\000d\000o\000l\000o\000g\000i\000q\000u\000e}{section.1.5}% 29
\BOOKMARK [1][-]{subsection.1.5.3}{\376\377\000C\000o\000n\000c\000l\000u\000s\000i\000o\000n\000\040\000d\000u\000\040\000c\000h\000a\000p\000i\000t\000r\000e}{chapter.1}% 30
\BOOKMARK [0][-]{chapter.2}{\376\377\000\311\000t\000a\000t\000\040\000d\000e\000\040\000l\000'\000a\000r\000t\000\040\000e\000t\000\040\000c\000h\000o\000i\000x\000\040\000t\000e\000c\000h\000n\000o\000l\000o\000g\000i\000q\000u\000e\000s}{}% 31
\BOOKMARK [1][-]{section.2.1}{\376\377\000L\000'\000a\000r\000c\000h\000i\000t\000e\000c\000t\000u\000r\000e\000\040\000Z\000e\000r\000o\000\040\000T\000r\000u\000s\000t}{chapter.2}% 32
\BOOKMARK [2][-]{subsection.2.1.1}{\376\377\000D\000u\000\040\000m\000o\000d\000\350\000l\000e\000\040\000p\000\351\000r\000i\000m\000\351\000t\000r\000i\000q\000u\000e\000\040\000a\000u\000\040\000Z\000e\000r\000o\000\040\000T\000r\000u\000s\000t}{section.2.1}% 33
\BOOKMARK [2][-]{subsection.2.1.2}{\376\377\000L\000e\000s\000\040\000s\000e\000p\000t\000\040\000p\000r\000i\000n\000c\000i\000p\000e\000s\000\040\000d\000i\000r\000e\000c\000t\000e\000u\000r\000s}{section.2.1}% 34
\BOOKMARK [2][-]{subsection.2.1.3}{\376\377\000L\000i\000m\000i\000t\000e\000s\000\040\000r\000e\000c\000o\000n\000n\000u\000e\000s\000\040\000d\000u\000\040\000m\000o\000d\000\350\000l\000e}{section.2.1}% 35
\BOOKMARK [1][-]{section.2.2}{\376\377\000L\000'\000a\000p\000p\000r\000o\000c\000h\000e\000\040\000D\000e\000v\000S\000e\000c\000O\000p\000s}{chapter.2}% 36
\BOOKMARK [2][-]{subsection.2.2.1}{\376\377\000P\000r\000i\000n\000c\000i\000p\000e\000\040\000e\000t\000\040\000p\000o\000r\000t\000e\000s\000\040\000d\000e\000\040\000c\000o\000n\000t\000r\000\364\000l\000e\000\040\000a\000u\000t\000o\000m\000a\000t\000i\000s\000\351\000e\000s}{section.2.2}% 37
\BOOKMARK [2][-]{subsection.2.2.2}{\376\377\000P\000r\000o\000v\000e\000n\000a\000n\000c\000e\000,\000\040\000i\000n\000t\000\351\000g\000r\000i\000t\000\351\000\040\000e\000t\000\040\000r\000\351\000f\000\351\000r\000e\000n\000t\000i\000e\000l\000s}{section.2.2}% 38
\BOOKMARK [1][-]{section.2.3}{\376\377\000S\000u\000p\000e\000r\000v\000i\000s\000i\000o\000n\000\040\000e\000t\000\040\000i\000n\000g\000\351\000n\000i\000e\000r\000i\000e\000\040\000d\000e\000\040\000l\000a\000\040\000d\000\351\000t\000e\000c\000t\000i\000o\000n}{chapter.2}% 39
\BOOKMARK [2][-]{subsection.2.3.1}{\376\377\000S\000y\000s\000t\000\350\000m\000e\000\040\000d\000e\000\040\000s\000u\000p\000e\000r\000v\000i\000s\000i\000o\000n\000\040\000a\000c\000h\000e\000t\000\351\000\040\000o\000u\000\040\000c\000o\000n\000s\000t\000r\000u\000i\000t}{section.2.3}% 40
\BOOKMARK [2][-]{subsection.2.3.2}{\376\377\000L\000a\000\040\000d\000\351\000t\000e\000c\000t\000i\000o\000n\000\040\000c\000o\000m\000m\000e\000\040\000c\000o\000d\000e}{section.2.3}% 41
\BOOKMARK [2][-]{subsection.2.3.3}{\376\377\000L\000a\000\040\000m\000a\000t\000r\000i\000c\000e\000\040\000d\000e\000s\000\040\000t\000e\000c\000h\000n\000i\000q\000u\000e\000s\000\040\000d\000'\000a\000t\000t\000a\000q\000u\000e}{section.2.3}% 42
\BOOKMARK [2][-]{subsection.2.3.4}{\376\377\000\311\000t\000u\000d\000e\000\040\000c\000o\000m\000p\000a\000r\000a\000t\000i\000v\000e\000\040\000e\000t\000\040\000s\000o\000l\000u\000t\000i\000o\000n\000\040\000r\000e\000t\000e\000n\000u\000e}{section.2.3}% 43
\BOOKMARK [1][-]{section.2.4}{\376\377\000E\000n\000r\000i\000c\000h\000i\000s\000s\000e\000m\000e\000n\000t\000\040\000s\000\351\000m\000a\000n\000t\000i\000q\000u\000e\000\040\000d\000e\000s\000\040\000a\000l\000e\000r\000t\000e\000s}{chapter.2}% 44
\BOOKMARK [2][-]{subsection.2.4.1}{\376\377\000A\000p\000p\000r\000o\000c\000h\000e\000s\000\040\000d\000i\000s\000p\000o\000n\000i\000b\000l\000e\000s}{section.2.4}% 45
\BOOKMARK [2][-]{subsection.2.4.2}{\376\377\000M\000o\000d\000\350\000l\000e\000s\000\040\000d\000e\000\040\000l\000a\000n\000g\000u\000e\000\040\000s\000p\000\351\000c\000i\000a\000l\000i\000s\000\351\000s}{section.2.4}% 46
\BOOKMARK [2][-]{subsection.2.4.3}{\376\377\000T\000r\000a\000v\000a\000i\000l\000\040\000l\000e\000\040\000p\000l\000u\000s\000\040\000p\000r\000o\000c\000h\000e\000\040\000e\000t\000\040\000d\000i\000f\000f\000\351\000r\000e\000n\000c\000e\000s}{section.2.4}% 47
\BOOKMARK [1][-]{section.2.5}{\376\377\000C\000h\000o\000i\000x\000\040\000d\000e\000\040\000l\000a\000\040\000p\000l\000a\000t\000e\000f\000o\000r\000m\000e\000\040\000d\000'\000h\000\351\000b\000e\000r\000g\000e\000m\000e\000n\000t}{chapter.2}% 48
\BOOKMARK [2][-]{subsection.2.5.1}{\376\377\000C\000r\000i\000t\000\350\000r\000e\000s\000\040\000d\000'\000\351\000v\000a\000l\000u\000a\000t\000i\000o\000n\000\040\000e\000t\000\040\000o\000p\000t\000i\000o\000n\000s\000\040\000\351\000c\000a\000r\000t\000\351\000e\000s}{section.2.5}% 49
\BOOKMARK [2][-]{subsection.2.5.2}{\376\377\000C\000r\000i\000t\000\350\000r\000e\000\040\000d\000\351\000c\000i\000s\000i\000f\000\040\000e\000t\000\040\000p\000r\000i\000x\000\040\000d\000u\000\040\000c\000h\000o\000i\000x}{section.2.5}% 50
\BOOKMARK [1][-]{section.2.6}{\376\377\000M\000\351\000t\000h\000o\000d\000e\000s\000\040\000d\000'\000a\000n\000a\000l\000y\000s\000e\000\040\000d\000e\000\040\000r\000i\000s\000q\000u\000e}{chapter.2}% 51
\BOOKMARK [1][-]{section.2.7}{\376\377\000S\000y\000n\000t\000h\000\350\000s\000e\000\040\000:\000\040\000v\000e\000r\000r\000o\000u\000s\000\040\000i\000d\000e\000n\000t\000i\000f\000i\000\351\000s\000\040\000e\000t\000\040\000p\000o\000s\000i\000t\000i\000o\000n\000n\000e\000m\000e\000n\000t}{chapter.2}% 52
\BOOKMARK [2][-]{subsection.2.7.1}{\376\377\000V\000e\000r\000r\000o\000u\000s\000\040\000i\000d\000e\000n\000t\000i\000f\000i\000\351\000s}{section.2.7}% 53
\BOOKMARK [2][-]{subsection.2.7.2}{\376\377\000P\000o\000s\000i\000t\000i\000o\000n\000n\000e\000m\000e\000n\000t\000\040\000d\000e\000\040\000l\000a\000\040\000c\000o\000n\000t\000r\000i\000b\000u\000t\000i\000o\000n}{section.2.7}% 54
\BOOKMARK [1][-]{Item.4}{\376\377\000C\000o\000n\000c\000l\000u\000s\000i\000o\000n\000\040\000d\000u\000\040\000c\000h\000a\000p\000i\000t\000r\000e}{chapter.2}% 55
\BOOKMARK [0][-]{chapter.3}{\376\377\000A\000n\000a\000l\000y\000s\000e\000\040\000d\000e\000s\000\040\000b\000e\000s\000o\000i\000n\000s\000\040\000e\000t\000\040\000m\000o\000d\000\351\000l\000i\000s\000a\000t\000i\000o\000n\000\040\000d\000e\000s\000\040\000m\000e\000n\000a\000c\000e\000s}{}% 56
\BOOKMARK [1][-]{section.3.1}{\376\377\000A\000c\000t\000e\000u\000r\000s\000\040\000e\000t\000\040\000c\000a\000s\000\040\000d\000'\000u\000t\000i\000l\000i\000s\000a\000t\000i\000o\000n}{chapter.3}% 57
\BOOKMARK [2][-]{subsection.3.1.1}{\376\377\000A\000c\000t\000e\000u\000r\000s\000\040\000l\000\351\000g\000i\000t\000i\000m\000e\000s\000\040\000e\000t\000\040\000a\000c\000t\000e\000u\000r\000s\000\040\000h\000o\000s\000t\000i\000l\000e\000s}{section.3.1}% 58
\BOOKMARK [2][-]{subsection.3.1.2}{\376\377\000C\000a\000s\000\040\000d\000'\000u\000t\000i\000l\000i\000s\000a\000t\000i\000o\000n\000\040\000d\000u\000\040\000s\000o\000c\000l\000e}{section.3.1}% 59
\BOOKMARK [1][-]{section.3.2}{\376\377\000S\000p\000\351\000c\000i\000f\000i\000c\000a\000t\000i\000o\000n\000\040\000d\000e\000s\000\040\000b\000e\000s\000o\000i\000n\000s}{chapter.3}% 60
\BOOKMARK [2][-]{subsection.3.2.1}{\376\377\000B\000e\000s\000o\000i\000n\000s\000\040\000f\000o\000n\000c\000t\000i\000o\000n\000n\000e\000l\000s}{section.3.2}% 61
\BOOKMARK [2][-]{subsection.3.2.2}{\376\377\000B\000e\000s\000o\000i\000n\000s\000\040\000n\000o\000n\000\040\000f\000o\000n\000c\000t\000i\000o\000n\000n\000e\000l\000s}{section.3.2}% 62
\BOOKMARK [1][-]{section.3.3}{\376\377\000A\000n\000a\000l\000y\000s\000e\000\040\000d\000e\000\040\000r\000i\000s\000q\000u\000e}{chapter.3}% 63
\BOOKMARK [2][-]{subsection.3.3.1}{\376\377\000V\000a\000l\000e\000u\000r\000s\000\040\000m\000\351\000t\000i\000e\000r\000,\000\040\000b\000i\000e\000n\000s\000\040\000s\000u\000p\000p\000o\000r\000t\000s\000\040\000e\000t\000\040\000s\000o\000u\000r\000c\000e\000s\000\040\000d\000e\000\040\000r\000i\000s\000q\000u\000e}{section.3.3}% 64
\BOOKMARK [2][-]{subsection.3.3.2}{\376\377\000S\000c\000\351\000n\000a\000r\000i\000o\000s\000\040\000s\000t\000r\000a\000t\000\351\000g\000i\000q\000u\000e\000s}{section.3.3}% 65
\BOOKMARK [2][-]{subsection.3.3.3}{\376\377\000S\000c\000\351\000n\000a\000r\000i\000o\000s\000\040\000o\000p\000\351\000r\000a\000t\000i\000o\000n\000n\000e\000l\000s}{section.3.3}% 66
\BOOKMARK [2][-]{subsection.3.3.4}{\376\377\000A\000p\000p\000r\000\351\000c\000i\000a\000t\000i\000o\000n\000\040\000e\000t\000\040\000t\000r\000a\000i\000t\000e\000m\000e\000n\000t\000\040\000d\000u\000\040\000r\000i\000s\000q\000u\000e}{section.3.3}% 67
\BOOKMARK [1][-]{section.3.4}{\376\377\000E\000x\000i\000g\000e\000n\000c\000e\000s\000\040\000d\000e\000\040\000s\000\351\000c\000u\000r\000i\000t\000\351\000\040\000e\000t\000\040\000t\000r\000a\000\347\000a\000b\000i\000l\000i\000t\000\351}{chapter.3}% 68
\BOOKMARK [2][-]{subsection.3.4.1}{\376\377\000L\000e\000s\000\040\000v\000i\000n\000g\000t\000\040\000e\000x\000i\000g\000e\000n\000c\000e\000s\000\040\000d\000e\000\040\000s\000\351\000c\000u\000r\000i\000t\000\351}{section.3.4}% 69
\BOOKMARK [2][-]{subsection.3.4.2}{\376\377\000M\000a\000t\000r\000i\000c\000e\000\040\000m\000e\000n\000a\000c\000e\000\040\000-\000>\000\040\000e\000x\000i\000g\000e\000n\000c\000e\000\040\000-\000>\000\040\000c\000o\000n\000t\000r\000\364\000l\000e\000\040\000-\000>\000\040\000t\000e\000s\000t}{section.3.4}% 70
\BOOKMARK [1][-]{section.3.5}{\376\377\000R\000a\000t\000t\000a\000c\000h\000e\000m\000e\000n\000t\000\040\000a\000u\000x\000\040\000r\000\351\000f\000\351\000r\000e\000n\000t\000i\000e\000l\000s}{chapter.3}% 71
\BOOKMARK [1][-]{table.3.8}{\376\377\000C\000o\000n\000c\000l\000u\000s\000i\000o\000n\000\040\000d\000u\000\040\000c\000h\000a\000p\000i\000t\000r\000e}{chapter.3}% 72
\BOOKMARK [0][-]{chapter.4}{\376\377\000C\000o\000n\000c\000e\000p\000t\000i\000o\000n\000\040\000d\000e\000\040\000l\000'\000a\000r\000c\000h\000i\000t\000e\000c\000t\000u\000r\000e}{}% 73
\BOOKMARK [1][-]{section.4.1}{\376\377\000P\000r\000i\000n\000c\000i\000p\000e\000s\000\040\000d\000i\000r\000e\000c\000t\000e\000u\000r\000s\000\040\000d\000e\000\040\000c\000o\000n\000c\000e\000p\000t\000i\000o\000n}{chapter.4}% 74
\BOOKMARK [1][-]{section.4.2}{\376\377\000A\000r\000c\000h\000i\000t\000e\000c\000t\000u\000r\000e\000\040\000g\000\351\000n\000\351\000r\000a\000l\000e}{chapter.4}% 75
\BOOKMARK [2][-]{subsection.4.2.1}{\376\377\000M\000o\000d\000\350\000l\000e\000\040\000e\000n\000\040\000c\000o\000u\000c\000h\000e\000s}{section.4.2}% 76
\BOOKMARK [2][-]{subsection.4.2.2}{\376\377\000J\000u\000s\000t\000i\000f\000i\000c\000a\000t\000i\000o\000n\000\040\000d\000e\000s\000\040\000d\000e\000u\000x\000\040\000p\000l\000a\000n\000s\000\040\000t\000r\000a\000n\000s\000v\000e\000r\000s\000a\000u\000x}{section.4.2}% 77
\BOOKMARK [2][-]{subsection.4.2.3}{\376\377\000V\000u\000e\000\040\000d\000e\000\040\000d\000\351\000p\000l\000o\000i\000e\000m\000e\000n\000t}{section.4.2}% 78
\BOOKMARK [1][-]{section.4.3}{\376\377\000V\000u\000e\000\040\000d\000y\000n\000a\000m\000i\000q\000u\000e\000\040\000:\000\040\000l\000e\000s\000\040\000s\000e\000p\000t\000\040\000f\000l\000u\000x}{chapter.4}% 79
\BOOKMARK [1][-]{section.4.4}{\376\377\000D\000e\000\040\000l\000'\000a\000t\000t\000a\000q\000u\000e\000\040\000\340\000\040\000l\000'\000i\000n\000c\000i\000d\000e\000n\000t\000\040\000:\000\040\000f\000o\000n\000c\000t\000i\000o\000n\000n\000e\000m\000e\000n\000t\000\040\000d\000e\000\040\000b\000o\000u\000t\000\040\000e\000n\000\040\000b\000o\000u\000t}{chapter.4}% 80
\BOOKMARK [1][-]{section.4.5}{\376\377\000C\000o\000n\000c\000e\000p\000t\000i\000o\000n\000\040\000p\000a\000r\000\040\000c\000o\000u\000c\000h\000e}{chapter.4}% 81
\BOOKMARK [1][-]{section.4.6}{\376\377\000L\000e\000\040\000p\000l\000a\000n\000\040\000d\000'\000i\000d\000e\000n\000t\000i\000t\000\351\000\040\000:\000\040\000l\000a\000\040\000s\000e\000g\000m\000e\000n\000t\000a\000t\000i\000o\000n\000\040\000r\000\351\000e\000l\000l\000e}{chapter.4}% 82
\BOOKMARK [2][-]{subsection.4.6.1}{\376\377\000M\000a\000t\000r\000i\000c\000e\000\040\000d\000e\000s\000\040\000i\000d\000e\000n\000t\000i\000t\000\351\000s\000\040\000e\000t\000\040\000d\000e\000s\000\040\000d\000r\000o\000i\000t\000s}{section.4.6}% 83
\BOOKMARK [2][-]{subsection.4.6.2}{\376\377\000F\000\351\000d\000\351\000r\000a\000t\000i\000o\000n\000\040\000d\000e\000\040\000l\000a\000\040\000c\000h\000a\000\356\000n\000e\000\040\000d\000'\000i\000n\000t\000\351\000g\000r\000a\000t\000i\000o\000n}{section.4.6}% 84
\BOOKMARK [2][-]{subsection.4.6.3}{\376\377\000S\000e\000c\000r\000e\000t\000s\000\040\000e\000t\000\040\000c\000h\000i\000f\000f\000r\000e\000m\000e\000n\000t}{section.4.6}% 85
\BOOKMARK [1][-]{section.4.7}{\376\377\000C\000o\000u\000v\000e\000r\000t\000u\000r\000e\000\040\000d\000e\000s\000\040\000e\000x\000i\000g\000e\000n\000c\000e\000s\000\040\000d\000e\000\040\000s\000\351\000c\000u\000r\000i\000t\000\351}{chapter.4}% 86
\BOOKMARK [1][-]{section.4.8}{\376\377\000D\000\351\000c\000i\000s\000i\000o\000n\000s\000\040\000d\000'\000a\000r\000c\000h\000i\000t\000e\000c\000t\000u\000r\000e}{chapter.4}% 87
\BOOKMARK [2][-]{subsection.4.8.1}{\376\377\000R\000e\000g\000i\000s\000t\000r\000e\000\040\000d\000e\000s\000\040\000d\000\351\000c\000i\000s\000i\000o\000n\000s}{section.4.8}% 88
\BOOKMARK [2][-]{subsection.4.8.2}{\376\377\000C\000o\000m\000p\000o\000s\000a\000n\000t\000s\000\040\000\351\000v\000a\000l\000u\000\351\000s\000\040\000p\000u\000i\000s\000\040\000\351\000c\000a\000r\000t\000\351\000s}{section.4.8}% 89
\BOOKMARK [1][-]{section.4.9}{\376\377\000\311\000c\000a\000r\000t\000s\000\040\000e\000n\000t\000r\000e\000\040\000l\000a\000\040\000c\000o\000n\000c\000e\000p\000t\000i\000o\000n\000\040\000e\000t\000\040\000l\000'\000i\000m\000p\000l\000\351\000m\000e\000n\000t\000a\000t\000i\000o\000n}{chapter.4}% 90
\BOOKMARK [1][-]{table.caption.24}{\376\377\000C\000o\000n\000c\000l\000u\000s\000i\000o\000n\000\040\000d\000u\000\040\000c\000h\000a\000p\000i\000t\000r\000e}{chapter.4}% 91
\BOOKMARK [0][-]{chapter.5}{\376\377\000R\000\351\000a\000l\000i\000s\000a\000t\000i\000o\000n\000\040\000e\000t\000\040\000i\000n\000d\000u\000s\000t\000r\000i\000a\000l\000i\000s\000a\000t\000i\000o\000n}{}% 92
\BOOKMARK [1][-]{section.5.1}{\376\377\000E\000n\000v\000i\000r\000o\000n\000n\000e\000m\000e\000n\000t\000\040\000d\000e\000\040\000t\000r\000a\000v\000a\000i\000l}{chapter.5}% 93
\BOOKMARK [2][-]{subsection.5.1.1}{\376\377\000E\000n\000v\000i\000r\000o\000n\000n\000e\000m\000e\000n\000t\000s\000\040\000e\000t\000\040\000o\000r\000g\000a\000n\000i\000s\000a\000t\000i\000o\000n\000\040\000d\000u\000\040\000d\000\351\000p\000\364\000t}{section.5.1}% 94
\BOOKMARK [2][-]{subsection.5.1.2}{\376\377\000F\000r\000o\000n\000t\000i\000\350\000r\000e\000\040\000e\000n\000t\000r\000e\000\040\000l\000e\000\040\000c\000o\000d\000e\000\040\000e\000t\000\040\000l\000'\000e\000x\000p\000l\000o\000i\000t\000a\000t\000i\000o\000n}{section.5.1}% 95
\BOOKMARK [1][-]{section.5.2}{\376\377\000I\000n\000f\000r\000a\000s\000t\000r\000u\000c\000t\000u\000r\000e\000\040\000a\000s\000\040\000c\000o\000d\000e}{chapter.5}% 96
\BOOKMARK [2][-]{subsection.5.2.1}{\376\377\000M\000i\000s\000e\000\040\000e\000n\000\040\001\123\000u\000v\000r\000e\000\040\000e\000t\000\040\000s\000\351\000c\000u\000r\000i\000t\000\351\000\040\000d\000e\000\040\000l\000'\000\351\000t\000a\000t}{section.5.2}% 97
\BOOKMARK [2][-]{subsection.5.2.2}{\376\377\000D\000\351\000t\000e\000c\000t\000i\000o\000n\000\040\000d\000e\000\040\000d\000\351\000r\000i\000v\000e\000\040\000e\000t\000\040\000l\000i\000m\000i\000t\000e\000s\000\040\000c\000o\000n\000s\000t\000a\000t\000\351\000e\000s}{section.5.2}% 98
\BOOKMARK [1][-]{section.5.3}{\376\377\000C\000h\000a\000\356\000n\000e\000\040\000d\000e\000\040\000l\000i\000v\000r\000a\000i\000s\000o\000n\000\040\000a\000p\000p\000l\000i\000c\000a\000t\000i\000v\000e}{chapter.5}% 99
\BOOKMARK [2][-]{subsection.5.3.1}{\376\377\000\311\000t\000a\000p\000e\000s\000\040\000e\000t\000\040\000p\000o\000r\000t\000e\000s\000\040\000b\000l\000o\000q\000u\000a\000n\000t\000e\000s}{section.5.3}% 100
\BOOKMARK [2][-]{subsection.5.3.2}{\376\377\000A\000u\000t\000h\000e\000n\000t\000i\000f\000i\000c\000a\000t\000i\000o\000n\000\040\000s\000a\000n\000s\000\040\000s\000e\000c\000r\000e\000t\000\040\000p\000e\000r\000m\000a\000n\000e\000n\000t}{section.5.3}% 101
\BOOKMARK [2][-]{subsection.5.3.3}{\376\377\000R\000e\000f\000u\000s\000\040\000v\000\351\000r\000i\000f\000i\000a\000b\000l\000e\000s}{section.5.3}% 102
\BOOKMARK [1][-]{section.5.4}{\376\377\000C\000h\000a\000\356\000n\000e\000\040\000d\000e\000\040\000p\000r\000o\000v\000i\000s\000i\000o\000n\000n\000e\000m\000e\000n\000t\000\040\000d\000e\000\040\000l\000'\000i\000n\000f\000r\000a\000s\000t\000r\000u\000c\000t\000u\000r\000e}{chapter.5}% 103
\BOOKMARK [1][-]{section.5.5}{\376\377\000C\000h\000a\000\356\000n\000e\000\040\000d\000e\000\040\000d\000\351\000t\000e\000c\000t\000i\000o\000n}{chapter.5}% 104
\BOOKMARK [2][-]{subsection.5.5.1}{\376\377\000C\000o\000l\000l\000e\000c\000t\000e\000\040\000f\000i\000l\000t\000r\000\351\000e\000\040\000e\000t\000\040\000m\000o\000d\000\350\000l\000e\000\040\000d\000e\000\040\000d\000o\000n\000n\000\351\000e\000s}{section.5.5}% 105
\BOOKMARK [2][-]{subsection.5.5.2}{\376\377\000T\000r\000a\000d\000u\000c\000t\000i\000o\000n\000\040\000d\000e\000s\000\040\000r\000\350\000g\000l\000e\000s\000\040\000d\000e\000\040\000d\000\351\000t\000e\000c\000t\000i\000o\000n}{section.5.5}% 106
\BOOKMARK [1][-]{section.5.6}{\376\377\000C\000o\000u\000c\000h\000e\000\040\000d\000'\000e\000n\000r\000i\000c\000h\000i\000s\000s\000e\000m\000e\000n\000t\000\040\000s\000\351\000m\000a\000n\000t\000i\000q\000u\000e}{chapter.5}% 107
\BOOKMARK [2][-]{subsection.5.6.1}{\376\377\000P\000r\000\351\000p\000a\000r\000a\000t\000i\000o\000n\000\040\000e\000t\000\040\000e\000x\000\351\000c\000u\000t\000i\000o\000n\000\040\000d\000u\000\040\000m\000o\000d\000\350\000l\000e}{section.5.6}% 108
\BOOKMARK [2][-]{subsection.5.6.2}{\376\377\000\311\000t\000a\000t\000\040\000d\000'\000a\000v\000a\000n\000c\000e\000m\000e\000n\000t\000\040\000r\000\351\000e\000l\000\040\000d\000e\000\040\000l\000a\000\040\000c\000o\000u\000c\000h\000e}{section.5.6}% 109
\BOOKMARK [1][-]{section.5.7}{\376\377\000I\000n\000t\000e\000r\000f\000a\000c\000e\000\040\000d\000e\000\040\000s\000u\000p\000e\000r\000v\000i\000s\000i\000o\000n}{chapter.5}% 110
\BOOKMARK [2][-]{subsection.5.7.1}{\376\377\000R\000\364\000l\000e\000s\000,\000\040\000f\000l\000u\000x\000\040\000e\000t\000\040\000s\000e\000c\000o\000n\000d\000\040\000f\000a\000c\000t\000e\000u\000r}{section.5.7}% 111
\BOOKMARK [2][-]{subsection.5.7.2}{\376\377\000L\000e\000\040\000l\000o\000g\000i\000c\000i\000e\000l\000\040\000\351\000c\000r\000i\000t\000\040\000:\000\040\000s\000t\000r\000u\000c\000t\000u\000r\000e\000,\000\040\000t\000e\000s\000t\000s\000\040\000e\000t\000\040\000d\000e\000t\000t\000e\000\040\000a\000s\000s\000u\000m\000\351\000e}{section.5.7}% 112
\BOOKMARK [1][-]{section.5.8}{\376\377\000B\000o\000u\000c\000l\000e\000\040\000e\000n\000t\000r\000e\000\040\000l\000i\000v\000r\000a\000i\000s\000o\000n\000\040\000e\000t\000\040\000d\000\351\000t\000e\000c\000t\000i\000o\000n}{chapter.5}% 113
\BOOKMARK [1][-]{section.5.9}{\376\377\000A\000c\000c\000u\000e\000i\000l\000\040\000d\000'\000u\000n\000\040\000s\000e\000c\000o\000n\000d\000\040\000l\000o\000c\000a\000t\000a\000i\000r\000e\000\040\000:\000\040\000p\000r\000e\000u\000v\000e\000\040\000v\000i\000v\000a\000n\000t\000e\000\040\000e\000t\000\040\000l\000i\000m\000i\000t\000e\000s}{chapter.5}% 114
\BOOKMARK [2][-]{subsection.5.9.1}{\376\377\000M\000i\000s\000e\000\040\000e\000n\000\040\001\123\000u\000v\000r\000e\000\040\000c\000o\000n\000c\000r\000\350\000t\000e}{section.5.9}% 115
\BOOKMARK [2][-]{subsection.5.9.2}{\376\377\000L\000i\000m\000i\000t\000e\000s\000\040\000\340\000\040\000s\000i\000g\000n\000a\000l\000e\000r}{section.5.9}% 116
\BOOKMARK [1][-]{section.5.10}{\376\377\000C\000o\000n\000d\000u\000i\000t\000e\000\040\000d\000u\000\040\000p\000r\000o\000j\000e\000t}{chapter.5}% 117
\BOOKMARK [2][-]{subsection.5.10.1}{\376\377\000D\000\351\000r\000o\000u\000l\000e\000m\000e\000n\000t\000\040\000e\000t\000\040\000t\000\342\000c\000h\000e\000s\000\040\000q\000u\000o\000t\000i\000d\000i\000e\000n\000n\000e\000s}{section.5.10}% 118
\BOOKMARK [2][-]{subsection.5.10.2}{\376\377\000D\000i\000f\000f\000i\000c\000u\000l\000t\000\351\000s\000\040\000r\000e\000n\000c\000o\000n\000t\000r\000\351\000e\000s}{section.5.10}% 119
\BOOKMARK [2][-]{subsection.5.10.3}{\376\377\000C\000h\000a\000n\000g\000e\000m\000e\000n\000t\000s\000\040\000a\000p\000p\000o\000r\000t\000\351\000s\000\040\000a\000u\000x\000\040\000o\000b\000j\000e\000c\000t\000i\000f\000s\000\040\000i\000n\000i\000t\000i\000a\000u\000x}{section.5.10}% 120
\BOOKMARK [2][-]{subsection.5.10.4}{\376\377\000P\000l\000a\000n\000n\000i\000n\000g\000\040\000d\000e\000\040\000t\000r\000a\000v\000a\000i\000l}{section.5.10}% 121
\BOOKMARK [1][-]{figure.caption.40}{\376\377\000C\000o\000n\000c\000l\000u\000s\000i\000o\000n\000\040\000d\000u\000\040\000c\000h\000a\000p\000i\000t\000r\000e}{chapter.5}% 122
\BOOKMARK [0][-]{chapter.6}{\376\377\000V\000a\000l\000i\000d\000a\000t\000i\000o\000n\000,\000\040\000r\000\351\000s\000u\000l\000t\000a\000t\000s\000\040\000e\000t\000\040\000d\000\351\000m\000o\000n\000s\000t\000r\000a\000t\000i\000o\000n}{}% 123
\BOOKMARK [1][-]{section.6.1}{\376\377\000S\000t\000r\000a\000t\000\351\000g\000i\000e\000\040\000d\000e\000\040\000v\000a\000l\000i\000d\000a\000t\000i\000o\000n}{chapter.6}% 124
\BOOKMARK [1][-]{section.6.2}{\376\377\000R\000\351\000s\000u\000l\000t\000a\000t\000s\000\040\000d\000e\000\040\000l\000a\000\040\000c\000a\000m\000p\000a\000g\000n\000e\000\040\000d\000e\000\040\000t\000e\000s\000t\000s}{chapter.6}% 125
\BOOKMARK [2][-]{subsection.6.2.1}{\376\377\000S\000y\000n\000t\000h\000\350\000s\000e\000\040\000d\000e\000s\000\040\000v\000i\000n\000g\000t\000\040\000t\000e\000s\000t\000s}{section.6.2}% 126
\BOOKMARK [2][-]{subsection.6.2.2}{\376\377\000A\000n\000a\000l\000y\000s\000e\000\040\000d\000e\000s\000\040\000n\000o\000n\000-\000c\000o\000n\000f\000o\000r\000m\000i\000t\000\351\000s}{section.6.2}% 127
\BOOKMARK [1][-]{section.6.3}{\376\377\000\311\000v\000a\000l\000u\000a\000t\000i\000o\000n\000\040\000d\000e\000\040\000l\000a\000\040\000d\000\351\000t\000e\000c\000t\000i\000o\000n}{chapter.6}% 128
\BOOKMARK [2][-]{subsection.6.3.1}{\376\377\000C\000o\000u\000v\000e\000r\000t\000u\000r\000e\000\040\000o\000b\000t\000e\000n\000u\000e}{section.6.3}% 129
\BOOKMARK [2][-]{subsection.6.3.2}{\376\377\000C\000e\000\040\000q\000u\000e\000\040\000l\000e\000\040\000s\000y\000s\000t\000\350\000m\000e\000\040\000n\000e\000\040\000d\000\351\000t\000e\000c\000t\000e\000\040\000p\000a\000s}{section.6.3}% 130
\BOOKMARK [2][-]{subsection.6.3.3}{\376\377\000Q\000u\000a\000l\000i\000t\000\351\000\040\000e\000t\000\040\000d\000\351\000l\000a\000i\000\040\000d\000e\000\040\000d\000\351\000t\000e\000c\000t\000i\000o\000n}{section.6.3}% 131
\BOOKMARK [1][-]{section.6.4}{\376\377\000\311\000v\000a\000l\000u\000a\000t\000i\000o\000n\000\040\000d\000e\000\040\000l\000'\000e\000n\000r\000i\000c\000h\000i\000s\000s\000e\000m\000e\000n\000t\000\040\000s\000\351\000m\000a\000n\000t\000i\000q\000u\000e}{chapter.6}% 132
\BOOKMARK [2][-]{subsection.6.4.1}{\376\377\000C\000o\000m\000p\000a\000r\000a\000i\000s\000o\000n\000\040\000a\000u\000x\000\040\000m\000\351\000t\000h\000o\000d\000e\000s\000\040\000d\000e\000\040\000r\000\351\000f\000\351\000r\000e\000n\000c\000e}{section.6.4}% 133
\BOOKMARK [2][-]{subsection.6.4.2}{\376\377\000B\000o\000u\000c\000l\000e\000\040\000e\000n\000t\000r\000e\000\040\000l\000i\000v\000r\000a\000i\000s\000o\000n\000\040\000e\000t\000\040\000d\000\351\000t\000e\000c\000t\000i\000o\000n}{section.6.4}% 134
\BOOKMARK [1][-]{section.6.5}{\376\377\000P\000e\000r\000f\000o\000r\000m\000a\000n\000c\000e\000,\000\040\000r\000\351\000s\000i\000l\000i\000e\000n\000c\000e\000\040\000e\000t\000\040\000c\000o\000\373\000t}{chapter.6}% 135
\BOOKMARK [2][-]{subsection.6.5.1}{\376\377\000O\000b\000j\000e\000c\000t\000i\000f\000s\000\040\000d\000e\000\040\000s\000e\000r\000v\000i\000c\000e}{section.6.5}% 136
\BOOKMARK [2][-]{subsection.6.5.2}{\376\377\000R\000e\000p\000r\000o\000d\000u\000c\000t\000i\000b\000i\000l\000i\000t\000\351\000\040\000e\000t\000\040\000r\000\351\000s\000i\000l\000i\000e\000n\000c\000e}{section.6.5}% 137
\BOOKMARK [2][-]{subsection.6.5.3}{\376\377\000C\000o\000\373\000t\000\040\000r\000\351\000e\000l}{section.6.5}% 138
\BOOKMARK [2][-]{subsection.6.5.4}{\376\377\000O\000r\000d\000r\000e\000\040\000d\000e\000\040\000g\000r\000a\000n\000d\000e\000u\000r\000\040\000d\000e\000s\000\040\000p\000o\000s\000t\000e\000s\000\040\000d\000e\000\040\000c\000o\000\373\000t}{section.6.5}% 139
\BOOKMARK [1][-]{section.6.6}{\376\377\000C\000o\000n\000f\000o\000r\000m\000i\000t\000\351\000\040\000a\000u\000x\000\040\000r\000\351\000f\000\351\000r\000e\000n\000t\000i\000e\000l\000s}{chapter.6}% 140
\BOOKMARK [1][-]{section.6.7}{\376\377\000D\000\351\000m\000o\000n\000s\000t\000r\000a\000t\000i\000o\000n\000\040\000d\000u\000\040\000f\000o\000n\000c\000t\000i\000o\000n\000n\000e\000m\000e\000n\000t\000\040\000g\000l\000o\000b\000a\000l}{chapter.6}% 141
\BOOKMARK [2][-]{subsection.6.7.1}{\376\377\000S\000c\000\351\000n\000a\000r\000i\000o\000\040\000e\000x\000\351\000c\000u\000t\000\351}{section.6.7}% 142
\BOOKMARK [2][-]{subsection.6.7.2}{\376\377\000C\000o\000n\000t\000r\000\364\000l\000e\000s\000\040\000c\000o\000m\000p\000l\000\351\000m\000e\000n\000t\000a\000i\000r\000e\000s\000\040\000e\000x\000\351\000c\000u\000t\000\351\000s\000\040\000e\000n\000\040\000d\000i\000r\000e\000c\000t}{section.6.7}% 143
\BOOKMARK [2][-]{subsection.6.7.3}{\376\377\000C\000o\000r\000r\000e\000s\000p\000o\000n\000d\000a\000n\000c\000e\000\040\000a\000v\000e\000c\000\040\000l\000e\000s\000\040\000p\000r\000e\000u\000v\000e\000s\000\040\000d\000e\000\040\000s\000o\000u\000t\000e\000n\000a\000n\000c\000e}{section.6.7}% 144
\BOOKMARK [2][-]{subsection.6.7.4}{\376\377\000C\000e\000\040\000q\000u\000e\000\040\000l\000e\000\040\000s\000c\000\351\000n\000a\000r\000i\000o\000\040\000n\000e\000\040\000c\000o\000u\000v\000r\000e\000\040\000p\000a\000s}{section.6.7}% 145
\BOOKMARK [1][-]{section.6.8}{\376\377\000L\000i\000m\000i\000t\000e\000s\000\040\000e\000t\000\040\000m\000e\000n\000a\000c\000e\000s\000\040\000\340\000\040\000l\000a\000\040\000v\000a\000l\000i\000d\000i\000t\000\351}{chapter.6}% 146
\BOOKMARK [1][-]{section.6.9}{\376\377\000R\000\351\000p\000o\000n\000s\000e\000\040\000a\000u\000x\000\040\000o\000b\000j\000e\000c\000t\000i\000f\000s\000\040\000d\000u\000\040\000p\000r\000o\000j\000e\000t}{chapter.6}% 147
\BOOKMARK [1][-]{table.6.24}{\376\377\000C\000o\000n\000c\000l\000u\000s\000i\000o\000n\000\040\000d\000u\000\040\000c\000h\000a\000p\000i\000t\000r\000e}{chapter.6}% 148
\BOOKMARK [0][-]{chapter*.59}{\376\377\000C\000o\000n\000c\000l\000u\000s\000i\000o\000n\000\040\000g\000\351\000n\000\351\000r\000a\000l\000e}{}% 149
\BOOKMARK [0][-]{chapter*.60}{\376\377\000B\000i\000b\000l\000i\000o\000g\000r\000a\000p\000h\000i\000e\000/\000N\000e\000t\000o\000g\000r\000a\000p\000h\000i\000e}{}% 150
\BOOKMARK [0][-]{appendix.A}{\376\377\000\311\000t\000u\000d\000e\000s\000\040\000c\000o\000m\000p\000a\000r\000a\000t\000i\000v\000e\000s\000\040\000d\000\351\000t\000a\000i\000l\000l\000\351\000e\000s}{}% 151
\BOOKMARK [1][-]{section.A.1}{\376\377\000A\000u\000d\000i\000t\000\040\000d\000e\000\040\000l\000'\000e\000x\000i\000s\000t\000a\000n\000t\000\040\000e\000t\000\040\000p\000o\000s\000i\000t\000i\000o\000n\000n\000e\000m\000e\000n\000t\000\040\000\050\000i\000s\000s\000u\000s\000\040\000d\000u\000\040\000c\000h\000a\000p\000i\000t\000r\000e\000\040\0001\000\051}{appendix.A}% 152
\BOOKMARK [1][-]{section.A.2}{\376\377\000\311\000t\000a\000t\000\040\000d\000e\000\040\000l\000'\000a\000r\000t\000\040\000e\000t\000\040\000c\000h\000o\000i\000x\000\040\000t\000e\000c\000h\000n\000o\000l\000o\000g\000i\000q\000u\000e\000s\000\040\000\050\000i\000s\000s\000u\000s\000\040\000d\000u\000\040\000c\000h\000a\000p\000i\000t\000r\000e\000\040\0002\000\051}{appendix.A}% 153
\BOOKMARK [2][-]{subsection.A.2.1}{\376\377\000L\000e\000s\000\040\000s\000e\000p\000t\000\040\000p\000r\000i\000n\000c\000i\000p\000e\000s\000\040\000d\000u\000\040\000N\000I\000S\000T\000\040\000S\000P\000\040\0008\0000\0000\000-\0002\0000\0007}{section.A.2}% 154
\BOOKMARK [2][-]{subsection.A.2.2}{\376\377\000R\000\351\000f\000\351\000r\000e\000n\000t\000i\000e\000l\000s\000\040\000m\000o\000b\000i\000l\000i\000s\000\351\000s}{section.A.2}% 155
\BOOKMARK [2][-]{subsection.A.2.3}{\376\377\000F\000a\000m\000i\000l\000l\000e\000s\000\040\000d\000e\000\040\000c\000o\000n\000t\000r\000\364\000l\000e\000s\000\040\000a\000u\000t\000o\000m\000a\000t\000i\000s\000\351\000s\000\040\000d\000e\000\040\000s\000\351\000c\000u\000r\000i\000t\000\351}{section.A.2}% 156
\BOOKMARK [2][-]{subsection.A.2.4}{\376\377\000C\000o\000m\000p\000a\000r\000a\000i\000s\000o\000n\000\040\000d\000e\000s\000\040\000s\000o\000l\000u\000t\000i\000o\000n\000s\000\040\000d\000e\000\040\000s\000u\000p\000e\000r\000v\000i\000s\000i\000o\000n}{section.A.2}% 157
\BOOKMARK [2][-]{subsection.A.2.5}{\376\377\000C\000o\000m\000p\000a\000r\000a\000i\000s\000o\000n\000\040\000d\000e\000s\000\040\000m\000o\000d\000e\000s\000\040\000d\000'\000e\000x\000\351\000c\000u\000t\000i\000o\000n}{section.A.2}% 158
\BOOKMARK [1][-]{section.A.3}{\376\377\000C\000h\000o\000i\000x\000\040\000d\000e\000\040\000l\000a\000\040\000p\000l\000a\000t\000e\000f\000o\000r\000m\000e\000\040\000e\000t\000\040\000d\000e\000s\000\040\000b\000r\000i\000q\000u\000e\000s\000\040\000t\000e\000c\000h\000n\000i\000q\000u\000e\000s}{appendix.A}% 159
\BOOKMARK [2][-]{subsection.A.3.1}{\376\377\000L\000e\000s\000\040\000s\000i\000x\000\040\000o\000p\000t\000i\000o\000n\000s\000\040\000d\000'\000h\000\351\000b\000e\000r\000g\000e\000m\000e\000n\000t\000\040\000s\000u\000r\000\040\000d\000i\000x\000\040\000c\000r\000i\000t\000\350\000r\000e\000s}{section.A.3}% 160
\BOOKMARK [2][-]{subsection.A.3.2}{\376\377\000L\000e\000s\000\040\000d\000o\000u\000z\000e\000\040\000b\000r\000i\000q\000u\000e\000s\000\040\000r\000e\000t\000e\000n\000u\000e\000s\000\040\000\340\000\040\000l\000'\000i\000n\000t\000\351\000r\000i\000e\000u\000r\000\040\000d\000e\000\040\000l\000a\000\040\000p\000l\000a\000t\000e\000f\000o\000r\000m\000e}{section.A.3}% 161
\BOOKMARK [2][-]{subsection.A.3.3}{\376\377\000S\000o\000u\000r\000c\000e\000s\000\040\000e\000t\000\040\000d\000a\000t\000e\000s\000\040\000d\000e\000\040\000c\000o\000n\000s\000u\000l\000t\000a\000t\000i\000o\000n}{section.A.3}% 162
\BOOKMARK [0][-]{appendix.B}{\376\377\000E\000x\000t\000r\000a\000i\000t\000s\000\040\000t\000e\000c\000h\000n\000i\000q\000u\000e\000s\000\040\000d\000e\000\040\000l\000a\000\040\000r\000\351\000a\000l\000i\000s\000a\000t\000i\000o\000n}{}% 163
\BOOKMARK [1][-]{section.B.1}{\376\377\000O\000r\000g\000a\000n\000i\000s\000a\000t\000i\000o\000n\000\040\000r\000\351\000e\000l\000l\000e\000\040\000d\000u\000\040\000d\000\351\000p\000\364\000t\000\040\000d\000'\000i\000n\000f\000r\000a\000s\000t\000r\000u\000c\000t\000u\000r\000e}{appendix.B}% 164
\BOOKMARK [1][-]{section.B.2}{\376\377\000T\000r\000o\000i\000s\000\040\000e\000x\000t\000r\000a\000i\000t\000s\000\040\000r\000e\000p\000r\000\351\000s\000e\000n\000t\000a\000t\000i\000f\000s}{appendix.B}% 165
\BOOKMARK [2][-]{subsection.B.2.1}{\376\377\000D\000e\000u\000x\000\040\000r\000\364\000l\000e\000s\000\040\000d\000u\000\040\000c\000o\000m\000p\000t\000e\000\040\000a\000p\000p\000l\000i\000c\000a\000t\000i\000f}{section.B.2}% 166
\BOOKMARK [2][-]{subsection.B.2.2}{\376\377\000P\000r\000\351\000v\000e\000n\000t\000i\000o\000n\000\040\000d\000e\000\040\000l\000'\000a\000c\000c\000\350\000s\000\040\000p\000u\000b\000l\000i\000c\000\040\000a\000u\000\040\000m\000\351\000d\000i\000a}{section.B.2}% 167
\BOOKMARK [2][-]{subsection.B.2.3}{\376\377\000F\000e\000n\000\352\000t\000r\000e\000\040\000e\000t\000\040\000c\000a\000d\000e\000n\000c\000e\000\040\000d\000e\000\040\000l\000a\000\040\000r\000\350\000g\000l\000e\000\040\000R\0002}{section.B.2}% 168
\BOOKMARK [1][-]{section.B.3}{\376\377\000S\000\351\000c\000u\000r\000i\000t\000\351\000\040\000d\000e\000\040\000l\000'\000\351\000t\000a\000t\000\040\000d\000'\000i\000n\000f\000r\000a\000s\000t\000r\000u\000c\000t\000u\000r\000e}{appendix.B}% 169
\BOOKMARK [0][-]{appendix.C}{\376\377\000M\000o\000d\000\350\000l\000e\000\040\000d\000e\000\040\000m\000e\000n\000a\000c\000e\000s\000\040\000d\000\351\000t\000a\000i\000l\000l\000\351}{}% 170
\BOOKMARK [1][-]{section.C.1}{\376\377\000R\000a\000p\000p\000e\000l\000\040\000d\000e\000s\000\040\000f\000l\000u\000x\000\040\000e\000t\000\040\000d\000e\000\040\000l\000a\000\040\000m\000\351\000t\000h\000o\000d\000e}{appendix.C}% 171
\BOOKMARK [1][-]{section.C.2}{\376\377\000\311\000c\000h\000e\000l\000l\000e\000s\000\040\000e\000m\000p\000l\000o\000y\000\351\000e\000s}{appendix.C}% 172
\BOOKMARK [1][-]{section.C.3}{\376\377\000S\000c\000\351\000n\000a\000r\000i\000o\000s\000\040\000o\000p\000\351\000r\000a\000t\000i\000o\000n\000n\000e\000l\000s}{appendix.C}% 173
\BOOKMARK [1][-]{section.C.4}{\376\377\000C\000a\000r\000t\000o\000g\000r\000a\000p\000h\000i\000e\000\040\000d\000u\000\040\000r\000i\000s\000q\000u\000e}{appendix.C}% 174
\BOOKMARK [1][-]{section.C.5}{\376\377\000D\000\351\000c\000i\000s\000i\000o\000n\000s\000\040\000d\000e\000\040\000t\000r\000a\000i\000t\000e\000m\000e\000n\000t}{appendix.C}% 175
\BOOKMARK [1][-]{section.C.6}{\376\377\000F\000o\000r\000m\000u\000l\000a\000t\000i\000o\000n\000\040\000c\000o\000m\000p\000l\000\350\000t\000e\000\040\000d\000e\000s\000\040\000v\000i\000n\000g\000t\000\040\000e\000x\000i\000g\000e\000n\000c\000e\000s\000\040\000d\000e\000\040\000s\000\351\000c\000u\000r\000i\000t\000\351}{appendix.C}% 176
\BOOKMARK [0][-]{appendix.D}{\376\377\000C\000o\000n\000c\000e\000p\000t\000i\000o\000n\000\040\000d\000\351\000t\000a\000i\000l\000l\000\351\000e}{}% 177
\BOOKMARK [1][-]{section.D.1}{\376\377\000C\000o\000n\000c\000e\000p\000t\000i\000o\000n\000\040\000d\000\351\000t\000a\000i\000l\000l\000\351\000e\000\040\000p\000a\000r\000\040\000c\000o\000u\000c\000h\000e}{appendix.D}% 178
\BOOKMARK [1][-]{section.D.2}{\376\377\000R\000e\000g\000i\000s\000t\000r\000e\000\040\000c\000o\000m\000p\000l\000e\000t\000\040\000d\000e\000s\000\040\000d\000\351\000c\000i\000s\000i\000o\000n\000s\000\040\000d\000'\000a\000r\000c\000h\000i\000t\000e\000c\000t\000u\000r\000e}{appendix.D}% 179
\BOOKMARK [1][-]{section.D.3}{\376\377\000C\000o\000m\000p\000o\000s\000a\000n\000t\000s\000\040\000\351\000v\000a\000l\000u\000\351\000s\000\040\000p\000u\000i\000s\000\040\000\351\000c\000a\000r\000t\000\351\000s}{appendix.D}% 180
\BOOKMARK [1][-]{section.D.4}{\376\377\000P\000r\000i\000s\000e\000\040\000e\000n\000\040\000c\000h\000a\000r\000g\000e\000\040\000d\000e\000s\000\040\000v\000i\000n\000g\000t\000\040\000e\000x\000i\000g\000e\000n\000c\000e\000s\000\040\000p\000a\000r\000\040\000l\000a\000\040\000c\000o\000n\000c\000e\000p\000t\000i\000o\000n}{appendix.D}% 181
\BOOKMARK [0][-]{appendix.E}{\376\377\000P\000r\000o\000t\000o\000c\000o\000l\000e\000s\000\040\000e\000t\000\040\000p\000r\000e\000u\000v\000e\000s\000\040\000d\000e\000\040\000v\000a\000l\000i\000d\000a\000t\000i\000o\000n}{}% 182
\BOOKMARK [1][-]{section.E.1}{\376\377\000P\000a\000r\000a\000m\000\350\000t\000r\000e\000s\000\040\000d\000e\000\040\000l\000a\000\040\000c\000a\000m\000p\000a\000g\000n\000e}{appendix.E}% 183
\BOOKMARK [1][-]{section.E.2}{\376\377\000M\000o\000d\000\350\000l\000e\000\040\000d\000e\000\040\000f\000i\000c\000h\000e\000\040\000d\000e\000\040\000t\000e\000s\000t}{appendix.E}% 184
\BOOKMARK [1][-]{section.E.3}{\376\377\000P\000r\000o\000t\000o\000c\000o\000l\000e\000s\000\040\000d\000\351\000t\000a\000i\000l\000l\000\351\000s}{appendix.E}% 185
\BOOKMARK [1][-]{section.E.4}{\376\377\000S\000y\000n\000t\000h\000\350\000s\000e}{appendix.E}% 186
\BOOKMARK [0][-]{appendix.F}{\376\377\000J\000e\000u\000\040\000d\000'\000\351\000v\000a\000l\000u\000a\000t\000i\000o\000n\000\040\000d\000e\000\040\000l\000'\000e\000n\000r\000i\000c\000h\000i\000s\000s\000e\000m\000e\000n\000t\000\040\000s\000\351\000m\000a\000n\000t\000i\000q\000u\000e}{}% 187
\BOOKMARK [1][-]{section.F.1}{\376\377\000C\000o\000n\000s\000t\000i\000t\000u\000t\000i\000o\000n\000\040\000d\000u\000\040\000j\000e\000u\000\040\000d\000'\000\351\000v\000a\000l\000u\000a\000t\000i\000o\000n}{appendix.F}% 188
\BOOKMARK [1][-]{section.F.2}{\376\377\000M\000\351\000t\000h\000o\000d\000e\000s\000\040\000c\000o\000m\000p\000a\000r\000\351\000e\000s}{appendix.F}% 189
\BOOKMARK [1][-]{section.F.3}{\376\377\000M\000\351\000t\000r\000i\000q\000u\000e\000s}{appendix.F}% 190
\BOOKMARK [1][-]{section.F.4}{\376\377\000R\000\351\000s\000u\000l\000t\000a\000t\000s\000\040\000p\000a\000r\000\040\000m\000\351\000t\000h\000o\000d\000e}{appendix.F}% 191
\BOOKMARK [1][-]{section.F.5}{\376\377\000V\000a\000l\000i\000d\000a\000t\000i\000o\000n\000\040\000d\000i\000s\000t\000i\000n\000c\000t\000e\000\040\000d\000\351\000j\000\340\000\040\000e\000x\000\351\000c\000u\000t\000\351\000e\000\040\040\024\000\040\000p\000o\000r\000t\000e\000\040\000d\000e\000\040\000q\000u\000a\000l\000i\000t\000\351\000\040\000s\000u\000r\000\040\000l\000e\000\040\000m\000o\000d\000\350\000l\000e}{appendix.F}% 192
\BOOKMARK [0][-]{appendix.G}{\376\377\000G\000l\000o\000s\000s\000a\000i\000r\000e\000\040\000t\000e\000c\000h\000n\000i\000q\000u\000e\000\040\000c\000o\000m\000p\000l\000\351\000m\000e\000n\000t\000a\000i\000r\000e}{}% 193
\BOOKMARK [0][-]{appendix.H}{\376\377\000P\000r\000e\000u\000v\000e\000s\000\040\000d\000'\000e\000x\000\351\000c\000u\000t\000i\000o\000n\000\040\000c\000o\000m\000p\000l\000\351\000m\000e\000n\000t\000a\000i\000r\000e\000s}{}% 194
\BOOKMARK [1][-]{section.H.1}{\376\377\000P\000r\000e\000u\000v\000e\000s\000\040\000c\000o\000m\000p\000l\000\351\000m\000e\000n\000t\000a\000i\000r\000e\000s\000\040\000d\000i\000s\000p\000o\000n\000i\000b\000l\000e\000s}{appendix.H}% 195
\BOOKMARK [1][-]{section.H.2}{\376\377\000P\000r\000e\000u\000v\000e\000s\000\040\000\340\000\040\000p\000r\000o\000d\000u\000i\000r\000e\000\040\000a\000u\000\040\000r\000e\000j\000e\000u\000\040\000d\000e\000s\000\040\000p\000r\000o\000t\000o\000c\000o\000l\000e\000s}{appendix.H}% 196
\BOOKMARK [1][-]{section.H.3}{\376\377\000R\000\350\000g\000l\000e\000s\000\040\000d\000e\000\040\000p\000r\000o\000d\000u\000c\000t\000i\000o\000n\000\040\000e\000t\000\040\000d\000e\000\040\000m\000a\000s\000q\000u\000a\000g\000e}{appendix.H}% 197
